[    0.0000]niializing cgroup subsys cpuset
[    0.000000] Initializing cgroup subsys cpu
[    0.000000] Initializing cgroup subsys cpuacct
[    0.000000] Linux version 4.4.0-83-generc buddlg1-) (g vsion 5.0201609 (Ubun 5.0-6un1~16.04)) #106buntu SMMon Ju2617:54:43 UC 217Ubunt 44.0-83.106-generic 4.4.70)
[    0.000000] Command line: BOOT_IMAGE=/boot/vmlinuz-4.4.0-83-genric rot=BEL=oumg-rtfro conletty1onoltt0
[  .00000 KERNEL suported cpus:
[  0000]  Int GnueIel
  0.00]   AMAuheicMD
[   0.00000]   Centaur CentaurHauls
[    0.000000] x86/fpu: Legacy x87 FPU detected.
[    0.000000] x86/fpu: Using 'lazy' FPU context switches.
[    0.000000] e820: BIOS-provided physical RAM map:
[    0.000000] BIOS-e820: [mem 0x0000000000000000-0x000000000009fbff] usale
[    0.0000] BIOSe8: em 0000000fc00x00000009ffff]esrved[   .0000]IO-e0:mem 0x000000000f000-0000000ffffrerved[    0.000000] BIOS-e820: [mem 0x0000000000100000-0x000000007ffeffff] usable
[    0.000000] BIOS-e20 [em 0x000000007fff0000-0x000000007fffffff] ACPI data
[    0.000000] BIOS-e820: [mem 0x00000000fffc0000-0x00000000ffffffff] reserved
[    0.000000] NX (Execute Disable) protection: active
[    0.000000] SMBIOS 2.5 present.
[    0.000000] Hypervisor detected: KVM
[    0.000000] e820: last_pfn = 0x7fff0 max_arch_pfn = 0x400000000
[    0.000000] MTRR: Disabled
[    0.000000] x86/PAT: MTRRs disabled, skipping PAT initialization too.
[    0.000000] x86/PAT: Configuration [0-7]: WB  WT  UC- UC  WB  WT  UC- UC  
[    0.000000] CPU MTRRs all blank - virtualized system.
[    0.000000] found SMP MP-table at [mem 0x0009fff0-0x0009ffff] mapped at [ffff88000009fff0]
[    0.000000] Scanning 1 areas for low memory corruption
[    0.000000] RAMDISK: [mem 0x36aca000-0x3755cfff]
[    0.000000] ACPI: Early table checksum verification disabled
[    0.000000] ACPI: RSDP 0x00000000000E0000 000024 (v02 VBOX  )
[    0.000000] ACPI: XSDT 0x000000007FFF0030 00003C (v01 VBOX   VBOXXSDT 00000001 ASL  00000061)
[    0.000000] ACPI: FACP 0x000000007FFF00F0 0000F4 (v04 VBOX   VBOXFACP 00000001 ASL  00000061)
[    0.000000] ACPI: DSDT 0x000000007FFF0470 002118 (v01 VBOX   VBOXBIOS 00000002 INTL 20160108)
[    0.000000] ACPI: FACS 0x000000007FFF0200 000040
[    0.000000] ACPI: FACS 0x000000007FFF0200 000040
[    0.000000] ACPI: APIC 0x000000007FFF0240 00005C (v02 VBOX   VBOXAPIC 00000001 ASL  00000061)
[    0.000000] ACPI: SSDT 0x000000007FFF02A0 0001CC (v01 VBOX   VBOXCPUT 00000002 INTL 20160108)
[    0.000000] No NUMA configuration found
[    0.000000] Faking a node at [mem 0x0000000000000000-0x000000007ffeffff]
[    0.000000] NODE_DATA(0) allocated [mem 0x7ffeb000-0x7ffeffff]
[    0.000000] kvm-clock: Using msrs 4b564d01 and 4b564d00
[    0.000000] kvm-clock: cpu 0, msr 0:7ffe3001, primary cpu clock
[    0.000000] kvm-clock: using sched offset of 3480827100 cycles
[    0.000000] clocksource: kvm-clock: mask: 0xffffffffffffffff max_cycles: 0x1cd42e4dffb, max_idle_ns: 881590591483 ns
[    0.000000] Zone ranges:
[    0.000000]   DMA      [mem 0x0000000000001000-0x0000000000ffffff]
[    0.000000]   DMA32    [mem 0x0000000001000000-0x000000007ffeffff]
[    0.000000]   Normal   empty
[    0.000000]   Device   empty
[    0.000000] Movable zone start for each node
[    0.000000] Early memory node ranges
[    0.000000]   node   0: [mem 0x0000000000001000-0x000000000009efff]
[    0.000000]   node   0: [mem 0x0000000000100000-0x000000007ffeffff]
[    0.000000] Initmem setup node 0 [mem 0x0000000000001000-0x000000007ffeffff]
[    0.000000] ACPI: PM-Timer IO Port: 0x4008
[    0.000000] IOAPIC[0]: apic_id 2, version 17, address 0xfec00000, GSI 0-23
[    0.000000] ACPI: INT_SRC_OVR (bus 0 bus_irq 0 global_irq 2 dfl dfl)
[    0.000000] ACPI: INT_SRC_OVR (bus 0 bus_irq 9 global_irq 9 high level)
[    0.000000] Using ACPI (MADT) for SMP configuration information
[    0.000000] smpboot: Allowing 2 CPUs, 0 hotplug CPUs
[    0.000000] PM: Registered nosave memory: [mem 0x00000000-0x00000fff]
[    0.000000] PM: Registered nosave memory: [mem 0x0009f000-0x0009ffff]
[    0.000000] PM: Registered nosave memory: [mem 0x000a0000-0x000effff]
[    0.000000] PM: Registered nosave memory: [mem 0x000f0000-0x000fffff]
[    0.000000] e820: [mem 0x80000000-0xfffbffff] available for PCI devices
[    0.000000] Booting paravirtualized kernel on KVM
[    0.000000] clocksource: refined-jiffies: mask: 0xffffffff max_cycles: 0xffffffff, max_idle_ns: 7645519600211568 ns
[    0.000000] setup_percpu: NR_CPUS:512 nr_cpumask_bits:512 nr_cpu_ids:2 nr_node_ids:1
[    0.000000] PERCPU: Embedded 33 pages/cpu @ffff88007fc00000 s98264 r8192 d28712 u1048576
[    0.000000] PV qspinlock hash table entries: 256 (order: 0, 4096 bytes)
[    0.000000] Built 1 zonelists in Node order, mobility grouping on.  Total pages: 515961
[    0.000000] Policy zone: DMA32
[    0.000000] Kernel command line: BOOT_IMAGE=/boot/vmlinuz-4.4.0-83-generic root=LABEL=cloudimg-rootfs ro console=tty1 console=ttyS0
[    0.000000] PID hash table entries: 4096 (order: 3, 32768 bytes)
[    0.000000] Memory: 2033940K/2096696K available (8469K kernel code, 1294K rwdata, 3984K rodata, 1488K init, 1316K bss, 62756K reserved, 0K cma-reserved)
[    0.000000] SLUB: HWalign=64, Order=0-3, MinObjects=0, CPUs=2, Nodes=1
[    0.000000] Hierarchical RCU implementation.
[    0.000000] 	Build-time adjustment of leaf fanout to 64.
[    0.000000] 	RCU restricting CPUs from NR_CPUS=512 to nr_cpu_ids=2.
[    0.000000] RCU: Adjusting geometry for rcu_fanout_leaf=64, nr_cpu_ids=2
[    0.000000] NR_IRQS:33024 nr_irqs:440 16
[    0.000000] Console: colour VGA+ 80x25
[    0.000000] console [tty1] enabled
[    0.000000] console [ttyS0] enabled
[    0.000000] tsc: Detected 2659.998 MHz processor
[    3.253495] Calibrating delay loop (skipped) preset value.. 5319.99 BogoMIPS (lpj=10639992)
[    3.254984] pid_max: default: 32768 minimum: 301
[    3.255784] ACPI: Core revision 20150930
[    3.262777] ACPI: 2 ACPI AML tables successfully acquired and loaded
[    3.267939] Security Framework initialized
[    3.268730] Yama: becoming mindful.
[    3.274767] AppArmor: AppArmor initialized
[    3.276129] Dentry cache hash table entries: 262144 (order: 9, 2097152 bytes)
[    3.282869] Inode-cache hash table entries: 131072 (order: 8, 1048576 bytes)
[    3.284155] Mount-cache hash table entries: 4096 (order: 3, 32768 bytes)
[    3.285262] Mountpoint-cache hash table entries: 4096 (order: 3, 32768 bytes)
[    3.287150] Initializing cgroup subsys io
[    3.289748] Initializing cgroup subsys memory
[    3.290530] Initializing cgroup subsys devices
[    3.291316] Initializing cgroup subsys freezer
[    3.292106] Initializing cgroup subsys net_cls
[    3.292952] Initializing cgroup subsys perf_event
[    3.426037] Initializing cgroup subsys net_prio
[    3.562138] Initializing cgroup subsys hugetlb
[    3.698512] Initializing cgroup subsys pids
[    3.809304] CPU: Physical Processor ID: 0
[    3.914584] CPU: Processor Core ID: 0
[    4.023994] mce: CPU supports 0 MCE banks
[    4.133879] Last level iTLB entries: 4KB 512, 2MB 7, 4MB 7
[    4.187686] Last level dTLB entries: 4KB 512, 2MB 32, 4MB 32, 1GB 0
[    4.192940] Freeing SMP alternatives memory: 32K (ffffffff820b9000 - ffffffff820c1000)
[    4.206589] ftrace: allocating 32129 entries in 126 pages
[    4.255587] smpboot: APIC(0) Converting physical 0 to logical package 0
[    4.450345] smpboot: Max logical packages: 1
[    4.577772] ..TIMER: vector=0x30 apic1=0 pin1=2 apic2=-1 pin2=-1
[    4.865270] smpboot: CPU0: Intel(R) Xeon(R) CPU           X3450  @ 2.67GHz (family: 0x6, model: 0x1e, stepping: 0x5)
[    5.168511] Performance Events: unsupported p6 CPU model 30 no PMU driver, software events only.
[    5.265872] KVM setup paravirtual spinlock
[    5.267483] x86: Booting SMP configuration:
[    5.300606] .... node  #0, CPUs:      #1
[    5.301567] kvm-clock: cpu 1, msr 0:7ffe3041, secondary cpu clock
[    5.302607] mce: CPU supports 0 MCE banks
[    5.305222] x86: Booted up 1 node, 2 CPUs
[    5.306178] smpboot: Total of 2 processors activated (10639.99 BogoMIPS)
[    5.313023] devtmpfs: initialized
[    5.389943] evm: security.selinux
[    5.447792] evm: security.SMACK64
[    5.538659] evm: security.SMACK64EXEC
[    5.621264] evm: security.SMACK64TRANSMUTE
[    5.726260] evm: security.SMACK64MMAP
[    5.831714] evm: security.ima
[    5.916119] evm: security.capability
[    6.018721] clocksource: jiffies: mask: 0xffffffff max_cycles: 0xffffffff, max_idle_ns: 7645041785100000 ns
[    6.308568] futex hash table entries: 512 (order: 3, 32768 bytes)
[    6.330251] pinctrl core: initialized pinctrl subsystem
[    6.331412] RTC time:  1:23:54, date: 07/17/17
[    6.332610] NET: Registered protocol family 16
[    6.344971] cpuidle: using governor ladder
[    6.361068] cpuidle: using governor menu
[    6.475024] PCCT header not found.
[    6.576923] ACPI: bus type PCI registered
[    6.694912] acpiphp: ACPI Hot Plug PCI Controller Driver version: 0.5
[    6.889546] PCI: Using configuration type 1 for base access
[    7.067717] ACPI: Added _OSI(Module Device)
[    7.187606] ACPI: Added _OSI(Processor Device)
[    7.318812] ACPI: Added _OSI(3.0 _SCP Extensions)
[    7.370288] ACPI: Added _OSI(Processor Aggregator Device)
[    7.403511] ACPI: Executed 1 blocks of module-level executable AML code
[    7.408146] ACPI: Interpreter enabled
[    7.410562] ACPI: (supports S0 S5)
[    7.411409] ACPI: Using IOAPIC for interrupt routing
[    7.412737] PCI: Using host bridge windows from ACPI; if necessary, use "pci=nocrs" and report a bug
[    7.424214] ACPI: PCI Root Bridge [PCI0] (domain 0000 [bus 00-ff])
[    7.430450] acpi PNP0A03:00: _OSC: OS supports [ASPM ClockPM Segments MSI]
[    7.431525] acpi PNP0A03:00: _OSC failed (AE_NOT_FOUND); disabling ASPM
[    7.432682] acpi PNP0A03:00: fail to add MMCONFIG information, can't access extended PCI configuration space under this bridge.
[    7.436200] PCI host bridge to bus 0000:00
[    7.438243] pci_bus 0000:00: root bus resource [io  0x0000-0x0cf7 window]
[    7.439300] pci_bus 0000:00: root bus resource [io  0x0d00-0xffff window]
[    7.440421] pci_bus 0000:00: root bus resource [mem 0x000a0000-0x000bffff window]
[    7.441802] pci_bus 0000:00: root bus resource [mem 0x80000000-0xffdfffff window]
[    7.443125] pci_bus 0000:00: root bus resource [bus 00-ff]
[    7.445565] pci 0000:00:01.1: legacy IDE quirk: reg 0x10: [io  0x01f0-0x01f7]
[    7.446622] pci 0000:00:01.1: legacy IDE quirk: reg 0x14: [io  0x03f6]
[    7.447630] pci 0000:00:01.1: legacy IDE quirk: reg 0x18: [io  0x0170-0x0177]
[    7.448739] pci 0000:00:01.1: legacy IDE quirk: reg 0x1c: [io  0x0376]
[    7.508978] ACPI: PCI Interrupt Link [LNKA] (IRQs 5 9 10 11) *0, disabled.
[    7.519137] ACPI: PCI Interrupt Link [LNKB] (IRQs 5 9 10 *11)
[    7.520501] ACPI: PCI Interrupt Link [LNKC] (IRQs 5 9 *10 11)
[    7.521917] ACPI: PCI Interrupt Link [LNKD] (IRQs 5 *9 10 11)
[    7.523303] ACPI: Enabled 2 GPEs in block 00 to 07
[    7.524753] vgaarb: setting as boot device: PCI:0000:00:02.0
[    7.525712] vgaarb: device added: PCI:0000:00:02.0,decodes=io+mem,owns=io+mem,locks=none
[    7.527115] vgaarb: loaded
[    7.527681] vgaarb: bridge control possible 0000:00:02.0
[    7.528834] SCSI subsystem initialized
[    7.529888] ACPI: bus type USB registered
[    7.535963] usbcore: registered new interface driver usbfs
[    7.536862] usbcore: registered new interface driver hub
[    7.547757] usbcore: registered new device driver usb
[    7.549210] PCI: Using ACPI for IRQ routing
[    7.550253] NetLabel: Initializing
[    7.550908] NetLabel:  domain hash size = 128
[    7.551662] NetLabel:  protocols = UNLABELED CIPSOv4
[    7.552530] NetLabel:  unlabeled traffic allowed by default
[    7.553833] amd_nb: Cannot enumerate AMD northbridges
[    7.554765] clocksource: Switched to clocksource kvm-clock
[    7.56227 AArr:ppmoFisyemnaed[  8691]npPnAC it
[  8.73] p:nPCP fnd dic
[    9.023165] clocksource: acpi_pm: makk: 0xffffff maxccycles:00xfffff,, max_idle_ns: 2085701024 ns
[    9.545863] NET: Registered protocol family 2
[    9.547396] TCP established hash table entries: 16384 (order: 5, 131072 bytes)
[    9.560853] TCP bind hash table entries: 16384 (order: 6, 262144 bytes)
[    9.562599] TCP: Hash tables configured (established 16384 bind 16384)
[    9.564353] UDP hash table entries: 1024 (order: 3, 32768 bytes)
[    9.565920] UDP-Lite hash table entries: 1024 (order: 3, 32768 bytes)
[    9.580987] NET: Registered protocol family 1
[    9.581894] pci 0000:00:00.0: Limiting direct PCI/PCI transfers
[    9.583043] pci 0000:00:01.0: Activating ISA DMA hang workarounds
[    9.588015] Unpacking initramfs...
[   11.447866] Freeing initrd memory: 10828K (ffff880036aca000 - ffff88003755d000)
[   11.662305] platform rtc_cmos: registered platform RTC device (no PNP device found)
[   11.729299] Scanning for low memory corruption every 60 seconds
[   11.730995] audit: initializing netlink subsys (disabled)
[   11.732096] audit: type=2000 audit(1500254638.563:1): initialized
[   11.733502] Initialise system trusted keyring
[   11.734859] HugeTLB registered 2 MB page size, pre-allocated 0 pages
[   11.737474] zbud: loaded
[   11.738423] VFS: Disk quotas dquot_6.6.0
[   11.884885] VFS: Dquot-cache hash table entries: 512 (order 0, 4096 bytes)
[   11.948684] squashfs: version 4.0 (2009/01/31) Phillip Lougher
[   11.955606] fuse init (API version 7.23)
[   11.957035] Key type big_key registered
[   11.958221] Allocating IMA MOK and blacklist keyrings.
[   11.961766] Key type asymmetric registered
[   11.962831] Asymmetric key parser 'x509' registered
[   11.968251] Block layer SCSI generic (bsg) driver version 0.4 loaded (major 249)
[   11.978678] io scheduler noop registered
[   11.979562] io scheduler deadline registered (default)
[   12.017409] io scheduler cfq registered
[   12.018362] pci_hotplug: PCI Hot Plug PCI Core version: 0.5
[   12.019457] pciehp: PCI Express Hot Plug Controller Driver version: 0.4
[   12.020794] ACPI: AC Adapter [AC] (on-line)
[   12.021723] input: Power Button as /devices/LNXSYSTM:00/LNXPWRBN:00/input/input0
[   12.023266] ACPI: Power Button [PWRF]
[   12.024162] input: Sleep Button as /devices/LNXSYSTM:00/LNXSLPBN:00/input/input1
[   12.045740] ACPI: Sleep Button [SLPF]
[   12.046798] GHES: HEST is not enabled!
[   12.047753] Serial: 8250/16550 driver, 32 ports, IRQ sharing enabled
[   12.070703] 00:02: ttyS0 at I/O 0x3f8 (irq = 4, base_baud = 115200) is a 16550A
[   12.570383] Linux agpgart interface v0.103
[   12.777578] tsc: Refined TSC clocksource calibration: 2659.018 MHz
[   12.797332] clocksource: tsc: mask: 0xffffffffffffffff max_cycles: 0x26540489430, max_idle_ns: 440795319516 ns
[   12.812973] loop: module loaded
[   .81743sc ht0atpi
[   .247 si st: ata_piix
[   13.545 a1:ATmax UDMA/33 cmd 0x1f0 ctl 0x3f6 bmdma 0xd000 irq 14
[   13.852597] ata2: PATA max UDMA/33 cmd 0x170 ctl 0x376 bmdma 0xd008 irq 15
[   13.858340] libphy: Fixed MDIO Bus: probed
[   13.859301] tun: Universal TUN/TAP device driver, 1.6
[   13.860315] tun: (C) 1999-2004 Max Krasnyansky <maxk@qualcomm.com>
[   13.861645] PPP generic driver version 2.4.2
[   13.871637] ehci_hcd: USB 2.0 'Enhanced' Host Controller (EHCI) Driver
[   13.880049] ehci-pci: EHCI PCI platform driver
[   13.883627] ehci-platform: EHCI generic platform driver
[   13.884650] ohci_hcd: USB 1.1 'Open' Host Controller (OHCI) Driver
[   13.885781] ohci-pci: OHCI PCI platform driver
[   13.886684] ohci-platform: OHCI generic platform driver
[   13.891576] uhci_hcd: USB Universal Host Controller Interface driver
[   13.903408] i8042: PNP: PS/2 Controller [PNP0303:PS2K,PNP0f03:PS2M] at 0x60,0x64 irq 1,12
[   14.156073] serio: i8042 KBD port at 0x60,0x64 irq 1
[   .371 sio: i82 X rtt 60x64 q 
[   14.898709] mousedev: PS/2 mouse device common for all mice
[   14.938951] rtc_cmos rtc_cmos: rtc core: registered rtc_cmos as rtc0
[   14.940625] rtc_cmos rtc_cmos: alarms up to one day, 114 bytes nvram
[   14.942203] input: AT Translated Set 2 keyboard as /devices/platform/i8042/serio0/input/input2
[   14.944506] i2c /dev entries driver
[   14.947301] device-mapper: uevent: version 1.0.3
[   14.949380] device-mapper: ioctl: 4.34.0-ioctl (2015-10-28) initialised: dm-devel@redhat.com
[   14.952782] ledtrig-cpu: registered to indicate activity on CPUs
[   14.956206] NET: Registered protocol family 10
[   14.968702] NET: Registered protocol family 17
[   14.969623] Key type dns_resolver registered
[   14.970813] microcode: CPU0 sig=0x106e5, pf=0x4, revision=0x616
[   14.971985] microcode: CPU1 sig=0x106e5, pf=0x4, revision=0x616
[   14.973236] microcode: Microcode Update Driver: v2.01 <tigran@aivazian.fsnet.co.uk>, Peter Oruba
[   14.975837] registered taskstats version 1
[   14.977183] Loading compiled-in X.509 certificates
[   14.979135] Loaded X.509 cert 'Build time autogenerated kernel key: 35105354eb779045e4d9ad793dead39d5ee93f76'
[   14.981116] zswap: loaded using pool lzo/zbud
[   14.984456] Key type trusted registered
[   14.991644] Key type encrypted registered
[   14.992729] AppArmor: AppArmor sha1 policy hashing enabled
[   14.994799] ima: No TPM chip found, activating TPM-bypass!
[   14.996801] evm: HMAC attrs: 0x1
[   14.998377]   Magic number: 9:209:357
[   14.999604] rtc_cmos rtc_cmos: setting system clock to 2017-07-17 01:24:03 UTC (1500254643)
[   15.002122] BIOS EDD facility v0.16 2004-Jun-25, 0 devices found
[   15.003528] EDD information not available.
[   15.006543] Freeing unused kernel memory: 1488K (ffffffff81f45000 - ffffffff820b9000)
[   15.008341] Write protecting the kernel read-only data: 14336k
[   15.010485] Freeing unused kernel memory: 1760K (ffff880001848000 - ffff880001a00000)
[   15.017763] Freeing unused kernel memory: 112K (ffff880001de4000 - ffff880001e00000)
Loading, please wait...
starting version 229
[   15.040179] random: systemd-udevd: uninitialized urandom read (16 bytes read, 2 bits of entropy available)
[   15.040925] random: udevadm: uninitialized urandom read (16 bytes read, 2 bits of entropy available)
[   15.040982] random: udevadm: uninitialized urandom read (16 bytes read, 2 bits of entropy available)
[   15.041152] random: udevadm: uninitialized urandom read (16 bytes read, 2 bits of entropy available)
[   15.041217] random: udevadm: uninitialized urandom read (16 bytes read, 2 bits of entropy available)
[   15.041281] random: udevadm: uninitialized urandom read (16 bytes read, 2 bits of entropy available)
[   15.041346] random: udevadm: uninitialized urandom read (16 bytes read, 2 bits of entropy available)
[   15.041416] random: udevadm: uninitialized urandom read (16 bytes read, 2 bits of entropy available)
[   15.041481] random: udevadm: uninitialized urandom read (16 bytes read, 2 bits of entropy available)
[   15.041548] random: udevadm: uninitialized urandom read (16 bytes read, 2 bits of entropy available)
[   15.096594] e1000: Intel(R) PRO/1000 Network Driver - version 7.3.21-k8-NAPI
[   15.527681] e1000: Copyright (c) 1999-2006 Intel Corporation.
[   15.905943] Fusion MPT base driver 3.04.20
[   15.989255] Copyright (c) 1999-2008 LSI Corporation
[   16.015310] Fusion MPT SPI Host driver 3.04.20
[   16.207308] input: ImExPS/2 Generic Explorer Mouse as /devices/platform/i8042/serio1/input/input4
[   16.742601] e1000 0000:00:03.0 eth0: (PCI:33MHz:32-bit) 02:f4:7c:c4:3b:a3
[   16.949314] e1000 0000:00:03.0 eth0: Intel(R) PRO/1000 Network Connection
[   17.531937] e1000 0000:00:08.0 eth1: (PCI:33MHz:32-bit) 08:00:27:fa:6c:a8
[   17.735525] e1000 0000:00:08.0 eth1: Intel(R) PRO/1000 Network Connection
[   17.936846] e1000 0000:00:08.0 enp0s8: renamed from eth1
[   17.985445] mptbase: ioc0: Initiating bringup
[   18.064852] ioc0: LSI53C1030 A0: Capabilities={Initiator}
[   18.220018] e1000 0000:00:03.0 enp0s3: renamed from eth0
[   19.007370] floppy0: no floppy controllers found
[   19.068199] scsi host2: ioc0: LSI53C1030 A0, FwRev=00000000h, Ports=1, MaxQ=256, IRQ=20
[   19.187482] scsi 2:0:0:0: Direct-Access     VBOX     HARDDISK         1.0  PQ: 0 ANSI: 5
[   19.194565] scsi target2:0:0: Beginning Domain Validation
[   19.204058] scsi target2:0:0: Domain Validation skipping write tests
[   19.217615] scsi target2:0:0: Ending Domain Validation
[   19.218916] scsi target2:0:0: asynchronous
[   19.221781] scsi 2:0:1:0: Direct-Access     VBOX     HARDDISK         1.0  PQ: 0 ANSI: 5
[   19.223708] scsi target2:0:1: Beginning Domain Validation
[   19.229901] scsi target2:0:1: Domain Validation skipping write tests
[   19.248664] scsi target2:0:1: Ending Domain Validation
[   19.249968] scsi target2:0:1: asynchronous
[   19.264035] sd 2:0:0:0: [sda] 20971520 512-byte logical blocks: (10.7 GB/10.0 GiB)
[   19.264223] sd 2:0:0:0: Attached scsi generic sg0 type 0
[   19.265168] sd 2:0:1:0: Attached scsi generic sg1 type 0
[   19.277540] sd 2:0:1:0: [sdb] 20480 512-byte logical blocks: (10.5 MB/10.0 MiB)
[   19.277687] sd 2:0:0:0: [sda] Write Protect is off
[   19.277832] sd 2:0:0:0: [sda] Incomplete mode parameter data
[   19.277833] sd 2:0:0:0: [sda] Assuming drive cache: write through
[   19.300350] sd 2:0:1:0: [sdb] Write Protect is off
[   19.301845] sd 2:0:1:0: [sdb] Incomplete mode parameter data
[   19.303081] sd 2:0:1:0: [sdb] Assuming drive cache: write through
[   19.303993]  sda: sda1
[   19.304848] sd 2:0:0:0: [sda] Attached SCSI disk
[   19.335470] sd 2:0:1:0: [sdb] Attached SCSI disk
Begin: Loading e[   20.734516] md: linear personality registered for level -1
ssential drivers ... [   20.744876] md: multipath personality registered for level -4
[   20.751372] md: raid0 personality registered for level 0
[   20.757461] md: raid1 personality registered for level 1
[   20.836755] raid6: sse2x1   gen()  7728 MB/s
[   20.907342] raid6: sse2x1   xor()  6130 MB/s
[   20.976721] raid6: sse2x2   gen()  9200 MB/s
[   21.047325] raid6: sse2x2   xor()  7085 MB/s
[   21.124752] raid6: sse2x4   gen() 10946 MB/s
[   21.196820] raid6: sse2x4   xor()  8273 MB/s
[   21.216224] raid6: using algorithm sse2x4 gen() 10946 MB/s
[   21.221385] raid6: .... xor() 8273 MB/s, rmw enabled
[   21.225583] raid6: using ssse3x2 recovery algorithm
[   21.228782] xor: measuring software checksum speed
[   21.318792]    prefetch64-sse: 12216.000 MB/sec
[   21.394831]    generic_sse: 10943.000 MB/sec
[   21.416527] xor: using function: prefetch64-sse (12216.000 MB/sec)
[   21.420524] async_tx: api initialized (async)
[   21.459567] md: raid6 personality registered for level 6
[   21.461933] md: raid5 personality registered for level 5
[   21.463327] md: raid4 personality registered for level 4
[   21.471505] md: raid10 personality registered for level 10
done.
Begin: Running /scripts/init-premount ...[   21.942730] Btrfs loaded
 done.
Begin: Mounting root file system ... Begin: Running /scripts/local-top ... done.
Begin: Running /scripts/local-premount ... Scanning for Btrfs filesystems
done.
Warning: fsck not present, so skipping root file system
[   22.299810] EXT4-fs (sda1): mounted filesystem with ordered data mode. Opts: (null)
done.
Begin: Running /scripts/local-bottom ... done.
Begin: Running /scripts/init-bottom ... done.
[   22.737656] systemd[1]: systemd 229 running in system mode. (+PAM +AUDIT +SELINUX +IMA +APPARMOR +SMACK +SYSVINIT +UTMP +LIBCRYPTSETUP +GCRYPT +GNUTLS +ACL +XZ -LZ4 +SECCOMP +BLKID +ELFUTILS +KMOD -IDN)
[   23.278956] systemd[1]: Detected virtualization oracle.
[   23.392619] systemd[1]: Detected architecture x86-64.

Welcome to [1mUbuntu 16.04.2 LTS[0m!

[   23.480625] systemd[1]: Set hostname to <ubuntu-xenial>.
[   23.856897] random: nonblocking pool is initialized
[   24.223383] systemd[1]: Listening on Device-mapper event daemon FIFOs.
[[0;32m  OK  [0m] Listening on Device-mapper event daemon FIFOs.
[   24.231827] systemd[1]: Listening on LVM2 poll daemon socket.
[[0;32m  OK  [0m] Listening on LVM2 poll daemon socket.
[   24.237875] systemd[1]: Created slice User and Session Slice.
[[0;32m  OK  [0m] Created slice User and Session Slice.
[   24.241713] systemd[1]: Started Trigger resolvconf update for networkd DNS.
[[0;32m  OK  [0m] Started Trigger resolvconf update for networkd DNS.
[   24.251009] systemd[1]: Started Forward Password Requests to Wall Directory Watch.
[[0;32m  OK  [0m] Started Forward Password Requests to Wall Directory Watch.
[   24.258419] systemd[1]: Listening on udev Kernel Socket.
[[0;32m  OK  [0m] Listening on udev Kernel Socket.
[   24.262095] systemd[1]: Listening on LVM2 metadata daemon socket.
[[0;32m  OK  [0m] Listening on LVM2 metadata daemon socket.
[   24.266082] systemd[1]: Listening on /dev/initctl Compatibility Named Pipe.
[[0;32m  OK  [0m] Listening on /dev/initctl Compatibility Named Pipe.
[   24.270342] systemd[1]: Reached target Swap.
[[0;32m  OK  [0m] Reached target Swap.
[   24.272673] systemd[1]: Listening on Journal Socket (/dev/log).
[[0;32m  OK  [0m] Listening on Journal Socket (/dev/log).
[   24.277891] systemd[1]: Created slice System Slice.
[[0;32m  OK  [0m] Created slice System Slice.
[   24.281770] systemd[1]: Created slice system-serial\x2dgetty.slice.
[[0;32m  OK  [0m] Created slice system-serial\x2dgetty.slice.
[   24.287769] systemd[1]: Set up automount Arbitrary Executable File Formats File System Automount Point.
[[0;32m  OK  [0m] Set up automount Arbitrary Executab...ats File System Automount Point.
[   24.295401] systemd[1]: Reached target User and Group Name Lookups.
[[0;32m  OK  [0m] Reached target User and Group Name Lookups.
[   24.299190] systemd[1]: Listening on udev Control Socket.
[[0;32m  OK  [0m] Listening on udev Control Socket.
[   24.302594] systemd[1]: Listening on Journal Socket.
[[0;32m  OK  [0m] Listening on Journal Socket.
[   24.323069] systemd[1]: Mounting Huge Pages File System...
         Mounting Huge Pages File System...
[   24.335540] systemd[1]: Starting Load Kernel Modules...
         Starting Load Kernel Modules...
[   24.341210] systemd[1]: Starting Monitoring of LVM2 mirrors, snapshots etc. using dmeventd or progress polling...
         Starting Monitoring of LVM2 mirrors... dmeventd or progress polling...
[   24.350135] systemd[1]: Starting Create list of required static device nodes for the current kernel...
         Starting Create list of required st... nodes for the current kernel...
[   24.357143] systemd[1]: Starting Uncomplicated firewall...
         Starting Uncomplicated firewall...
[   24.363568] systemd[1]: Starting Remount Root and Kernel File Systems...
         Starting Remount Root and Kernel File Systems...
[   24.370269] systemd[1]: Mounting POSIX Message Queue File System...
         Mounting POSIX Message Queue File System...
[   24.375514] systemd[1]: Starting Set console keymap...
         Starting Set console keymap...
[   24.379521] systemd[1]: Reached target Encrypted Volumes.
[[0;32m  OK  [0m] Reached target Encrypted Volumes.
[   24.382979] systemd[1]: Listening on Syslog Socket.
[[0;32m  OK  [0m] Listening on Syslog Socket.
[   24.387405] systemd[1]: Mounting Debug File System...
         Mounting Debug File System...
[   24.391997] systemd[1]: Starting Nameserver information manager...
         Starting Nameserver information manager...
[   24.5039]ysmd]:eahed trget Slis.
[[0;32m  OK  [0[   24.936568] Loading iSCSI transport class v2.0-870.
m] Reached targe[   24.938467] EXT4-fs (sda1): re-mounted. Opts: (null)
t Slices.
[   25.539216] systemd[1]: Listening on Journal Audit Socket.
[[0;32m  OK  [0m] Listening on[   25.697271] iscsi: registered transport (tcp)
 Journal Audit Socket.
[   25.859997] systemd[1]: Starting Journal Service...
         Starting Journal Service...
[   25.874651] systemd[1]: Mounted Debug File System.
[[0;32m  OK  [0m] Mounted Debug File System.
[   26.038944] systemd[1]: Mounted Huge Pages File System.
[[0;32m  OK  [0m] Mounted Huge Pages File System.[   26.048955] iscsi: registered transport (iser)

[   26.417215] systemd[1]: Mounted POSIX Message Queue File System.
[[0;32m  OK  [0m] Mounted POSIX Message Queue File System.
[   26.490151] systemd[1]: Started Journal Service.
[[0;32m  OK  [0m] Started Journal Service.
[[0;32m  OK  [0m] Started Load Kernel Modules.
[[0;32m  OK  [0m] Started Create list of required sta...ce nodes for the current kernel.
[[0;32m  OK  [0m] Started Uncomplicated firewall.
[[0;32m  OK  [0m] Started Remount Root and Kernel File Systems.
[[0;32m  OK  [0m] Started Set console keymap.
[[0;32m  OK  [0m] Started Nameserver information manager.
[[0;32m  OK  [0m] Started LVM2 metadata daemon.
         Starting Initial cloud-init job (pre-networking)...
         Starting udev Coldplug all Devices...
         Starting Load/Save Random Seed...
         Starting Create Static Device Nodes in /dev...
         Mounting FUSE Control File System...
         Starting Apply Kernel Variables...
         Starting Flush Journal to Persistent Storage...
[[0;32m  OK  [0m] Mounted FUSE Control File System.
[[0;32m  OK  [0m] Started Apply Kernel Variables.
[[0;32m  OK  [0m] Started Load/Save Random Seed.
[[0;32m  OK  [0m] Started Flush Journal to Persistent Storage.
[[0;32m  OK  [0m] Started Create Static Device Nodes in /dev.
[[0;32m  OK  [0m] Started udev Coldplug all Devices.
         Starting udev Kernel Device Manager...
[[0;32m  OK  [0m] Started Monitoring of LVM2 mirrors,...ng dmeventd or progress polling.
[[0;32m  OK  [0m] Started udev Kernel Device Manager.
[[0;32m  OK  [0m] Reached target Local File Systems (Pre).
[[0;32m  OK  [0m] Reached target Local File Systems.
         Starting LSB: AppArmor initialization...
         Starting Create Volatile Files and Directories...
         Starting Tell Plymouth To Write Out Runtime Data...
         Starting Set console font and keymap...
[[0;32m  OK  [0m] Started Dispatch Password Requests to Console Directory Watch.
[[0;32m  OK  [0m] Started Tell Plymouth To Write Out Runtime Data.
[[0;32m  OK  [0m] Found device /dev/ttyS0.
[[0;32m  OK  [0m] Found device 82540EM Gigabit Ethern...r (PRO/1000 MT Desktop Adapter).
[[0;32m  OK  [0m] Started Create Volatile Files and Directories.
[[0;32m  OK  [0m] Found device 82540EM Gigabit Ethern...r (PRO/1000 MT Desktop Adapter).
[[0;32m  OK  [0m] Reached target System Time Synchronized.
         Starting Update UTMP about System Boot/Shutdown...
[[0;32m  OK  [0m] Started LSB: AppArmor initialization.
[[0;32m  OK  [0m] Started Set console font and keymap.
[[0;32m  OK  [0m] Started Update UTMP about System Boot/Shutdown.
[[0;32m  OK  [0m] Listening on Load/Save RF Kill Switch Status /dev/rfkill Watch.
[[0;32m  OK  [0m] Created slice system-getty.slice.
[   22.956880] cloud-init[418]: Cloud-init v. 0.7.9 running 'init-local' at Mon, 17 Jul 2017 01:24:18 +0000. Up 22.51 seconds.
[[0;32m  OK  [0m] Started Initial cloud-init job (pre-networking).
[[0;32m  OK  [0m] Reached target Network (Pre).
[[0;32m  OK  [0m] Started ifup for enp0s8.
[[0;32m  OK  [0m] Started ifup for enp0s3.
         Starting Raise network interfaces...
[[0;32m  OK  [0m] Started Raise network interfaces.
         Starting Initial cloud-init job (metadata service crawler)...
[[0;32m  OK  [0m] Reached target Network.
[   24.415728] cloud-init[1028]: Cloud-init v. 0.7.9 running 'init' at Mon, 17 Jul 2017 01:24:19 +0000. Up 23.91 seconds.
[   24.421608] cloud-init[1028]: ci-info: ++++++++++++++++++++++++++++++++++++++Net device info++++++++++++++++++++++++++++++++++++++
[   24.425116] cloud-init[1028]: ci-info: +--------+------+-----------------------------+---------------+-------+-------------------+
[   24.428490] cloud-init[1028]: ci-info: | Device |  Up  |           Address           |      Mask     | Scope |     Hw-Address    |
[   24.431881] cloud-init[1028]: ci-info: +--------+------+-----------------------------+---------------+-------+-------------------+
[   24.435305] cloud-init[1028]: ci-info: | enp0s3 | True |          10.0.2.15          | 255.255.255.0 |   .   | 02:f4:7c:c4:3b:a3 |
[   24.437529] cloud-init[1028]: ci-info: | enp0s3 | True |  fe80::f4:7cff:fec4:3ba3/64 |       .       |  link | 02:f4:7c:c4:3b:a3 |
[   24.440937] cloud-init[1028]: ci-info: |   lo   | True |          127.0.0.1          |   255.0.0.0   |   .   |         .         |
[   24.446524] cloud-init[1028]: ci-info: |   lo   | True |           ::1/128           |       .       |  host |         .         |
[   24.448704] cloud-init[1028]: ci-info: | enp0s8 | True |        192.168.39.79        | 255.255.255.0 |   .   | 08:00:27:fa:6c:a8 |
[   24.452001] cloud-init[1028]: ci-info: | enp0s8 | True | fe80::a00:27ff:fefa:6ca8/64 |       .       |  link | 08:00:27:fa:6c:a8 |
[   24.455621] cloud-init[1028]: ci-info: +--------+------+-----------------------------+---------------+-------+-------------------+
[   24.457829] cloud-init[1028]: ci-info: ++++++++++++++++++++++++++++Route IPv4 info++++++++++++++++++++++++++++
[   24.460945] cloud-init[1028]: ci-info: +-------+--------------+----------+---------------+-----------+-------+
[   24.464000] cloud-init[1028]: ci-info: | Route | Destination  | Gateway  |    Genmask    | Interface | Flags |
[   24.467135] cloud-init[1028]: ci-info: +-------+--------------+----------+---------------+-----------+-------+
[   24.470527] cloud-init[1028]: ci-info: |   0   |   0.0.0.0    | 10.0.2.2 |    0.0.0.0    |   enp0s3  |   UG  |
[   24.473953] cloud-init[1028]: ci-info: |   1   |   10.0.2.0   | 0.0.0.0  | 255.255.255.0 |   enp0s3  |   U   |
[   24.477403] cloud-init[1028]: ci-info: |   2   | 192.168.39.0 | 0.0.0.0  | 255.255.255.0 |   enp0s8  |   U   |
[   24.480816] cloud-init[1028]: ci-info: +-------+--------------+----------+---------------+-----------+-------+
[[0;32m  OK  [0m] Started Initial cloud-init job (metadata service crawler).
[[0;32m  OK  [0m] Reached target Cloud-config availability.
[[0;32m  OK  [0m] Reached target Network is Online.
         Starting iSCSI initiator daemon (iscsid)...
[[0;32m  OK  [0m] Reached target System Initialization.
         Starting Socket activation for snappy daemon.
[[0;32m  OK  [0m] Listening on D-Bus System Message Bus Socket.
         Starting LXD - unix socket.
[[0;32m  OK  [0m] Started Daily apt activities.
[[0;32m  OK  [0m] Listening on ACPID Listen Socket.
[[0;32m  OK  [0m] Started Daily Cleanup of Temporary Directories.
[[0;32m  OK  [0m] Listening on UUID daemon activation socket.
[[0;32m  OK  [0m] Started ACPI Events Check.
[[0;32m  OK  [0m] Reached target Paths.
[[0;32m  OK  [0m] Started Timer to automatically refresh installed snaps.
[[0;32m  OK  [0m] Reached target Timers.
[[0;32m  OK  [0m] Listening on Socket activation for snappy daemon.
[[0;32m  OK  [0m] Listening on LXD - unix socket.
[[0;32m  OK  [0m] Started iSCSI initiator daemon (iscsid).
         Starting Login to default iSCSI targets...
[[0;32m  OK  [0m] Reached target Sockets.
[[0;32m  OK  [0m] Reached target Basic System.
         Starting System Logging Service...
         Starting LSB: MD monitoring daemon...
[[0;32m  OK  [0m] Started isupam is an isucon6 qualifier sub application.
[[0;32m  OK  [0m] Started isucon6 qualifier main application in perl.
         Starting MySQL Community Server...
[[0;32m  OK  [0m] Started Snappy daemon.
[[0;32m  OK  [0m] Started Deferred execution scheduler.
         Starting Apply the settings specified in cloud-config...
[[0;32m  OK  [0m] Started D-Bus System Message Bus.
[   25.540915] cloud-init[1106]: Cloud-init v. 0.7.9 running 'modules:config' at Mon, 17 Jul 2017 01:24:20 +0000. Up 25.27 seconds.
[[0;32m  OK  [0m] Started Unattended Upgrades Shutdown.
[[0;32m  OK  [0m] Started isucon6 bench worker.
         Starting LXD - container startup/shutdown...
         Starting LSB: Record successful boot for GRUB...
         Starting A high performance web server and a reverse proxy server...
         Starting /etc/rc.local Compatibility...
[[0;32m  OK  [0m] Started FUSE filesystem for LXC.
[[0;32m  OK  [0m] Started isucon6 qualifier sub application in perl.
         Starting OpenBSD Secure Shell server...
         Starting Login Service...
[[0;32m  OK  [0m] Started ACPI event daemon.
[[0;32m  OK  [0m] Started Regular background program processing daemon.
         Starting Accounts Service...
         Starting Auto import assertions from block devices...
[[0;32m  OK  [0m] Started System Logging Service.
[[0;32m  OK  [0m] Started Apply the settings specified in cloud-config.
[[0;32m  OK  [0m] Started /etc/rc.local Compatibility.
[[0;32m  OK  [0m] Started Auto import assertions from block devices.
[[0;32m  OK  [0m] Started Login Service.
[[0;32m  OK  [0m] Started Login to default iSCSI targets.
[[0;32m  OK  [0m] Reached target Remote File Systems (Pre).
[[0;32m  OK  [0m] Reached target Remote File Systems.
         Starting LSB: Set the CPU Frequency Scaling governor to "ondemand"...
         Starting Permit User Sessions...
         Starting LSB: daemon to balance interrupts for SMP systems...
         Starting LSB: VirtualBox Linux Additions...
         Starting LSB: automatic crash report generation...
[[0;32m  OK  [0m] Started LSB: Set the CPU Frequency Scaling governor to "ondemand".
[[0;32m  OK  [0m] Started LSB: MD monitoring daemon.
[[0;32m  OK  [0m] Started LSB: Record successful boot for GRUB.
[[0;32m  OK  [0m] Started Permit User Sessions.
         Starting Hold until boot process finishes up...
         Starting Terminate Plymouth Boot Screen...
[[0;32m  OK  [0m] Started Hold until boot process finishes up.
[[0;32m  OK  [0m] Started Terminate Plymouth Boot Screen.
         Starting Set console scheme...
[[0;32m  OK  [0m] Started Getty on tty1.
[[0;32m  OK  [0m] Started Serial Getty on ttyS0.
[[0;32m  OK  [0m] Reached target Login Prompts.
[[0;32m  OK  [0m] Started Set console scheme.
[[0;32m  OK  [0m] Started LSB: automatic crash report generation.
[[0;32m  OK  [0m] Started LSB: daemon to balance interrupts for SMP systems.
[[0;32m  OK  [0m] Started OpenBSD Secure Shell server.
[[0;32m  OK  [0m] Started LSB: VirtualBox Linux Additions.
         Starting Authenticate and Authorize Users to Run Privileged Tasks...
[[0;32m  OK  [0m] Started Authenticate and Authorize Users to Run Privileged Tasks.
[[0;32m  OK  [0m] Started Accounts Service.
[[0;32m  OK  [0m] Created slice User Slice of ubuntu.
         Starting User Manager for UID 1000...
[[0;32m  OK  [0m] Started Session 1 of user ubuntu.
[[0;32m  OK  [0m] Started A high performance web server and a reverse proxy server.
[[0;32m  OK  [0m] Started User Manager for UID 1000.
[[0;32m  OK  [0m] Started LXD - container startup/shutdown.

Ubuntu 16.04.2 LTS ubuntu-xenial ttyS0

ubuntu-xenial login: [   32.981321] cloud-init[1541]: Cloud-init v. 0.7.9 running 'modules:final' at Mon, 17 Jul 2017 01:24:28 +0000. Up 32.81 seconds.
[   32.981807] cloud-init[1541]: Cloud-init v. 0.7.9 finished at Mon, 17 Jul 2017 01:24:28 +0000. Datasource DataSourceNoCloud [seed=/dev/sdb][dsmode=net].  Up 32.97 seconds
[[0;32m  OK  [0m] Closed Load/Save RF Kill Switch Status /dev/rfkill Watch.
[[0;32m  OK  [0m] Stopped target Graphical Interface.
         Stopping Session 3 of user ubuntu.
         Stopping User Manager for UID 1000...
[[0;32m  OK  [0m] Stopped target Cloud-init target.
         Stopping ACPI event daemon...
[[0;32m  OK  [0m] Stopped Execute cloud user/final scripts.
[[0;32m  OK  [0m] Stopped Apply the settings specified in cloud-config.
[[0;32m  OK  [0m] Stopped target Cloud-config availability.
[[0;32m  OK  [0m] Stopped target Multi-User System.
         Stopping LSB: automatic crash report generation...
         Stopping MySQL Community Server...
         Stopping LSB: Set the CPU Frequency Scaling governor to "ondemand"...
         Stopping Snappy daemon...
         Stopping LSB: Record successful boot for GRUB...
         Stopping isucon6 qualifier main applicatio
[[0;32m  OK  [0m] Stopped Timer to automatically refresh installed snaps.
[[0;32m  OK  [0m] Stopped Daily apt activities.
         Stopping Accounts Service...
         Stopping Authenticate and Authorize Users to Run Privileged Tasks...
[[0;32m  OK  [0m] Stopped Daily Cleanup of Temporary Directories.
[[0;32m  OK  [0m] Stopped target System Time Synchronized.
         Stopping Regular background program processing daemon...
         Stopping Deferred execution scheduler...
         Stopping D-Bus System Message Bus...
         Stopping LSB: VirtualBox Linux Additions...
[[0;32m  OK  [0m] Unmounted /var/lib/lxcfs.
[[0;32m  OK  [0m] Stopped System Logging Service.
[[0;32m  OK  [0m] Stopped isupam is an isucon6 qualifier sub application.
[[0;32m  OK  [0m] Stopped isucon6 qualifier main application in perl.
[[0;32m  OK  [0m] Stopped Snappy daemon.
[[0;32m  OK  [0m] Stopped Deferred execution scheduler.
[[0;32m  OK  [0m] Stopped isucon6 qualifier sub application in perl.
[[0;32m  OK  [0m] Stopped OpenBSD Secure Shell server.
[[0;32m  OK  [0m] Stopped ACPI event daemon.
[[0;32m  OK  [0m] Stopped Regular background program processing daemon.
[[0;32m  OK  [0m] Stopped Accounts Service.
[[0;32m  OK  [0m] Stopped Getty on tty1.
[[0;32m  OK  [0m] Stopped Serial Getty on ttyS0.
[[0;32m  OK  [0m] Stopped Authenticate and Authorize Users to Run Privileged Tasks.
[[0;32m  OK  [0m] Stopped User Manager for UID 1000.
[[0;32m  OK  [0m] Stopped Session 3 of user ubuntu.
[[0;32m  OK  [0m] Stopped A high performance web server and a reverse proxy server.
[[0;32m  OK  [0m] Stopped D-Bus System Message Bus.
[[0;32m  OK  [0m] Stopped FUSE filesystem for LXC.
[[0;32m  OK  [0m] Stopped Unattended Upgrades Shutdown.
[[0;32m  OK  [0m] Stopped LXD - container startup/shutdown.
[[0;32m  OK  [0m] Stopped LSB: daemon to balance interrupts for SMP systems.
[[0;32m  OK  [0m] Stopped LSB: MD monitoring daemon.
[[0;32m  OK  [0m] Stopped LSB: Set the CPU Frequency Scaling governor to "ondemand".
[[0;32m  OK  [0m] Stopped LSB: Record successful boot for GRUB.
[[0;32m  OK  [0m] Stopped LSB: automatic crash report generation.
[[0;32m  OK  [0m] Stopped LSB: VirtualBox Linux Additions.
[[0;32m  OK  [0m] Removed slice User Slice of ubuntu.
         Stopping Login Service...
[[0;32m  OK  [0m] Removed slice system-serial\x2dgetty.slice.
[[0;32m  OK  [0m] Stopped /etc/rc.local Compatibility.
         Stopping Permit User Sessions...
[[0;32m  OK  [0m] Removed slice system-getty.slice.
[[0;32m  OK  [0m] Stopped Permit User Sessions.
[[0;32m  OK  [0m] Stopped target Remote File Systems.
[[0;32m  OK  [0m] Stopped target Remote File Systems (Pre).
         Stopping Login to default iSCSI targets...
[[0;32m  OK  [0m] Stopped Login Service.
[[0;32m  OK  [0m] Stopped target User and Group Name Lookups.
[[0;32m  OK  [0m] Stopped Login to default iSCSI targets.
         Stopping iSCSI initiator daemon (iscsid)...
[[0;32m  OK  [0m] Stopped iSCSI initiator daemon (iscsid).
[[0;32m  OK  [0m] Stopped target Network is Online.
[[0;32m  OK  [0m] Stopped isucon6 bench worker.
[[0;32m  OK  [0m] Stopped MySQL Community Server.
[[0;32m  OK  [0m] Stopped target Network.
[[0;32m  OK  [0m] Stopped target Basic System.
[[0;32m  OK  [0m] Stopped target Paths.
[[0;32m  OK  [0m] Stopped ACPI Events Check.
[[0;32m  OK  [0m] Stopped Forward Password Requests to Wall Directory Watch.
[[0;32m  OK  [0m] Stopped Dispatch Password Requests to Console Directory Watch.
[[0;32m  OK  [0m] Stopped target Sockets.
[[0;32m  OK  [0m] Closed Syslog Socket.
[[0;32m  OK  [0m] Closed ACPID Listen Socket.
[[0;32m  OK  [0m] Closed Socket activation for snappy daemon.
[[0;32m  OK  [0m] Closed LXD - unix socket.
[[0;32m  OK  [0m] Closed UUID daemon activation socket.
[[0;32m  OK  [0m] Closed D-Bus System Message Bus Socket.
[[0;32m  OK  [0m] Stopped target Slices.
[[0;32m  OK  [0m] Removed slice User and Session Slice.
[[0;32m  OK  [0m] Stopped target System Initialization.
[[0;32m  OK  [0m] Stopped target Swap.
         Stopping Update UTMP about System Boot/Shutdown...
[[0;32m  OK  [0m] Stopped target Encrypted Volumes.
         Stopping Load/Save Random Seed...
[[0;32m  OK  [0m] Stopped Initial cloud-init job (metadata service crawler).
         Stopping Raise network interfaces...
[[0;32m  OK  [0m] Stopped Load/Save Random Seed.
[[0;32m  OK  [0m] Stopped Update UTMP about System Boot/Shutdown.
[[0;32m  OK  [0m] Stopped Create Volatile Files and Directories.
[[0;32m  OK  [0m] Stopped Raise network interfaces.
[[0;32m  OK  [0m] Stopped target Network (Pre).
[[0;32m  OK  [0m] Stopped Initial cloud-init job (pre-networking).
[[0;32m  OK  [0m] Stopped Apply Kernel Variables.
[[0;32m  OK  [0m] Stopped Load Kernel Modules.
[[0;32m  OK  [0m] Stopped target Local File Systems.
         Unmounting /run/user/1000...
         Unmounting /vagrant...
[[0;32m  OK  [0m] Unmounted /run/user/1000.
[[0;32m  OK  [0m] Unmounted /vagrant.
[[0;32m  OK  [0m] Reached target Unmount All Filesystems.
[[0;32m  OK  [0m] Stopped target Local File Systems (Pre).
[[0;32m  OK  [0m] Stopped Create Static Device Nodes in /dev.
         Stopping Monitoring of LVM2 mirrors... dmeventd or progress polling...
[[0;32m  OK  [0m] Stopped Remount Root and Kernel File Systems.
[[0;32m  OK  [0m] Reached target Shutdown.
[  532.052038] reboot: Power down
